
**** Build of configuration Debug for project bootloader_p30t ****

make all 
Building file: ../src/bootloader.c
Invoking: MicroBlaze gcc compiler
mb-gcc -Wall -O0 -g3 -c -fmessage-length=0 -I../../ml605_bist_bsp_0/microblaze_0/include -mxl-pattern-compare -mcpu=v8.20.a -mno-xl-soft-mul -MMD -MP -MF"src/bootloader.d" -MT"src/bootloader.d" -o"src/bootloader.o" "../src/bootloader.c"
Finished building: ../src/bootloader.c
' '
Building file: ../src/srec.c
Invoking: MicroBlaze gcc compiler
mb-gcc -Wall -O0 -g3 -c -fmessage-length=0 -I../../ml605_bist_bsp_0/microblaze_0/include -mxl-pattern-compare -mcpu=v8.20.a -mno-xl-soft-mul -MMD -MP -MF"src/srec.d" -MT"src/srec.d" -o"src/srec.o" "../src/srec.c"
Finished building: ../src/srec.c
' '
Building target: bootloader_p30t.elf
Invoking: MicroBlaze gcc linker
mb-gcc -Wl,-T -Wl,../src/lscript.ld -L../../ml605_bist_bsp_0/microblaze_0/lib -mxl-pattern-compare -mcpu=v8.20.a -mno-xl-soft-mul -o"bootloader_p30t.elf"  ./src/bootloader.o ./src/srec.o   -Wl,--start-group,-lxil,-lgcc,-lc,--end-group -lxilflash
Finished building target: bootloader_p30t.elf
' '
Invoking: MicroBlaze Print Size
mb-size bootloader_p30t.elf  |tee "bootloader_p30t.elf.size"
   text	   data	    bss	    dec	    hex	filename
   9334	    304	   2250	  11888	   2e70	bootloader_p30t.elf
Finished building: bootloader_p30t.elf.size
' '
Invoking: Xilinx ELF Check
elfcheck bootloader_p30t.elf -hw ../../ml605_bist_hw_platform/system.xml -pe microblaze_0  |tee "bootloader_p30t.elf.elfcheck"
elfcheck
Xilinx EDK 13.3 Build EDK_O.76xd
Copyright (c) 1995-2011 Xilinx, Inc.  All rights reserved.

Command Line: elfcheck -hw ../../ml605_bist_hw_platform/system.xml -pe
microblaze_0 bootloader_p30t.elf 

ELF file	: bootloader_p30t.elf
elfcheck passed.
Finished building: bootloader_p30t.elf.elfcheck
' '
