
**** Build of configuration Debug for project hello_world_0 ****

make all 
Building file: ../src/helloworld.c
Invoking: MicroBlaze gcc compiler
mb-gcc -Wall -O0 -g3 -c -fmessage-length=0 -I../../ml605_bist_bsp_0/microblaze_0/include -mxl-pattern-compare -mcpu=v8.20.a -mno-xl-soft-mul -MMD -MP -MF"src/helloworld.d" -MT"src/helloworld.d" -o"src/helloworld.o" "../src/helloworld.c"
Finished building: ../src/helloworld.c
' '
Building file: ../src/platform.c
Invoking: MicroBlaze gcc compiler
mb-gcc -Wall -O0 -g3 -c -fmessage-length=0 -I../../ml605_bist_bsp_0/microblaze_0/include -mxl-pattern-compare -mcpu=v8.20.a -mno-xl-soft-mul -MMD -MP -MF"src/platform.d" -MT"src/platform.d" -o"src/platform.o" "../src/platform.c"
Finished building: ../src/platform.c
' '
Building target: hello_world_0.elf
Invoking: MicroBlaze gcc linker
mb-gcc -Wl,-T -Wl,../src/lscript.ld -L../../ml605_bist_bsp_0/microblaze_0/lib -mxl-pattern-compare -mcpu=v8.20.a -mno-xl-soft-mul -o"hello_world_0.elf"  ./src/helloworld.o ./src/platform.o   -Wl,--start-group,-lxil,-lgcc,-lc,--end-group
Finished building target: hello_world_0.elf
' '
Invoking: MicroBlaze Print Size
mb-size hello_world_0.elf  |tee "hello_world_0.elf.size"
   text	   data	    bss	    dec	    hex	filename
   3046	    384	   2090	   5520	   1590	hello_world_0.elf
Finished building: hello_world_0.elf.size
' '
Invoking: Xilinx ELF Check
elfcheck hello_world_0.elf -hw ../../ml605_bist_hw_platform/system.xml -pe microblaze_0  |tee "hello_world_0.elf.elfcheck"
elfcheck
Xilinx EDK 13.3 Build EDK_O.76xa
Copyright (c) 1995-2011 Xilinx, Inc.  All rights reserved.

Command Line: elfcheck -hw ../../ml605_bist_hw_platform/system.xml -pe
microblaze_0 hello_world_0.elf 

ELF file	: hello_world_0.elf
elfcheck passed.
Finished building: hello_world_0.elf.elfcheck
' '
