
**** Build of configuration Debug for project hello_iic ****

make all 
Building file: ../src/xiic_eeprom_example.c
Invoking: MicroBlaze gcc compiler
mb-gcc -Wall -O0 -g3 -c -fmessage-length=0 -I../../ml605_bist_bsp_0/microblaze_0/include -mxl-pattern-compare -mcpu=v8.20.a -mno-xl-soft-mul -MMD -MP -MF"src/xiic_eeprom_example.d" -MT"src/xiic_eeprom_example.d" -o"src/xiic_eeprom_example.o" "../src/xiic_eeprom_example.c"
Finished building: ../src/xiic_eeprom_example.c
' '
Building target: hello_iic.elf
Invoking: MicroBlaze gcc linker
mb-gcc -Wl,-T -Wl,../src/lscript.ld -L../../ml605_bist_bsp_0/microblaze_0/lib -mxl-pattern-compare -mcpu=v8.20.a -mno-xl-soft-mul -o"hello_iic.elf"  ./src/xiic_eeprom_example.o   -Wl,--start-group,-lxil,-lgcc,-lc,--end-group -lxilflash
Finished building target: hello_iic.elf
' '
Invoking: MicroBlaze Print Size
mb-size hello_iic.elf  |tee "hello_iic.elf.size"
   text	   data	    bss	    dec	    hex	filename
  15274	    440	   2294	  18008	   4658	hello_iic.elf
Finished building: hello_iic.elf.size
' '
Invoking: Xilinx ELF Check
elfcheck hello_iic.elf -hw ../../ml605_bist_hw_platform/system.xml -pe microblaze_0  |tee "hello_iic.elf.elfcheck"
elfcheck
Xilinx EDK 13.3 Build EDK_O.76xd
Copyright (c) 1995-2011 Xilinx, Inc.  All rights reserved.

Command Line: elfcheck -hw ../../ml605_bist_hw_platform/system.xml -pe
microblaze_0 hello_iic.elf 

ELF file	: hello_iic.elf
elfcheck passed.
Finished building: hello_iic.elf.elfcheck
' '
