
**** Build of configuration Debug for project hello_temac ****

make all 
Building file: ../src/xlltemac_example_intr_sgdma.c
Invoking: MicroBlaze gcc compiler
mb-gcc -Wall -O0 -g3 -c -fmessage-length=0 -I../../ml605_bist_bsp_0/microblaze_0/include -mxl-pattern-compare -mcpu=v8.20.a -mno-xl-soft-mul -MMD -MP -MF"src/xlltemac_example_intr_sgdma.d" -MT"src/xlltemac_example_intr_sgdma.d" -o"src/xlltemac_example_intr_sgdma.o" "../src/xlltemac_example_intr_sgdma.c"
Finished building: ../src/xlltemac_example_intr_sgdma.c
' '
Building file: ../src/xlltemac_example_util.c
Invoking: MicroBlaze gcc compiler
mb-gcc -Wall -O0 -g3 -c -fmessage-length=0 -I../../ml605_bist_bsp_0/microblaze_0/include -mxl-pattern-compare -mcpu=v8.20.a -mno-xl-soft-mul -MMD -MP -MF"src/xlltemac_example_util.d" -MT"src/xlltemac_example_util.d" -o"src/xlltemac_example_util.o" "../src/xlltemac_example_util.c"
Finished building: ../src/xlltemac_example_util.c
' '
Building target: hello_temac.elf
Invoking: MicroBlaze gcc linker
mb-gcc -Wl,-T -Wl,../src/lscript.ld -L../../ml605_bist_bsp_0/microblaze_0/lib -mxl-pattern-compare -mcpu=v8.20.a -mno-xl-soft-mul -o"hello_temac.elf"  ./src/xlltemac_example_intr_sgdma.o ./src/xlltemac_example_util.o   -Wl,--start-group,-lxil,-lgcc,-lc,--end-group -lxilflash
Finished building target: hello_temac.elf
' '
Invoking: MicroBlaze Print Size
mb-size hello_temac.elf  |tee "hello_temac.elf.size"
   text	   data	    bss	    dec	    hex	filename
  38796	   1472	   5852	  46120	   b428	hello_temac.elf
Finished building: hello_temac.elf.size
' '
Invoking: Xilinx ELF Check
elfcheck hello_temac.elf -hw ../../ml605_bist_hw_platform/system.xml -pe microblaze_0  |tee "hello_temac.elf.elfcheck"
elfcheck
Xilinx EDK 13.3 Build EDK_O.76xd
Copyright (c) 1995-2011 Xilinx, Inc.  All rights reserved.

Command Line: elfcheck -hw ../../ml605_bist_hw_platform/system.xml -pe
microblaze_0 hello_temac.elf 

ELF file	: hello_temac.elf
elfcheck passed.
Finished building: hello_temac.elf.elfcheck
' '
