
**** Build of configuration Debug for project hello_button ****

make all 
Building file: ../src/push_button_test.c
Invoking: MicroBlaze gcc compiler
mb-gcc -Wall -O0 -g3 -c -fmessage-length=0 -I../../ml605_bist_bsp_0/microblaze_0/include -mxl-pattern-compare -mcpu=v8.20.a -mno-xl-soft-mul -MMD -MP -MF"src/push_button_test.d" -MT"src/push_button_test.d" -o"src/push_button_test.o" "../src/push_button_test.c"
Finished building: ../src/push_button_test.c
' '
Building target: hello_button.elf
Invoking: MicroBlaze gcc linker
mb-gcc -Wl,-T -Wl,../src/lscript.ld -L../../ml605_bist_bsp_0/microblaze_0/lib -mxl-pattern-compare -mcpu=v8.20.a -mno-xl-soft-mul -o"hello_button.elf"  ./src/push_button_test.o   -Wl,--start-group,-lxil,-lgcc,-lc,--end-group -lxilflash
Finished building target: hello_button.elf
' '
Invoking: MicroBlaze Print Size
mb-size hello_button.elf  |tee "hello_button.elf.size"
   text	   data	    bss	    dec	    hex	filename
   6146	    388	   2094	   8628	   21b4	hello_button.elf
Finished building: hello_button.elf.size
' '
Invoking: Xilinx ELF Check
elfcheck hello_button.elf -hw ../../ml605_bist_hw_platform/system.xml -pe microblaze_0  |tee "hello_button.elf.elfcheck"
elfcheck
Xilinx EDK 13.3 Build EDK_O.76xd
Copyright (c) 1995-2011 Xilinx, Inc.  All rights reserved.

Command Line: elfcheck -hw ../../ml605_bist_hw_platform/system.xml -pe
microblaze_0 hello_button.elf 

ELF file	: hello_button.elf
elfcheck passed.
Finished building: hello_button.elf.elfcheck
' '
